F
======================================================================
FAIL: test_no_fallback_when_intervals_present_but_no_match (__main__.TestFilteringFallback)
Test that xgs_map does NOT fallback when interval data is present but yields 0 matches.
----------------------------------------------------------------------
Traceback (most recent call last):
  File "/Users/harrisonmcadams/Desktop/new_puck/tests/test_filtering_fallback.py", line 139, in test_no_fallback_when_intervals_present_but_no_match
    self.assertTrue(df_filtered.empty, "Should return empty df when intervals don't match")
AssertionError: False is not true : Should return empty df when intervals don't match

----------------------------------------------------------------------
Ran 1 test in 2.292s

FAILED (failures=1)
